<area shape="rect" href="$d8/d77/struct_physical_modeling_1_1_dimensioned_quantities_1_1_quantity.html" title="Quantity\&lt; DimensionedQuantities::dims::length, Precision \&gt;" alt="" coords="601,88,969,115">
<area shape="rect" href="$d8/d77/struct_physical_modeling_1_1_dimensioned_quantities_1_1_quantity.html" title="Quantity\&lt; DimensionedQuantities::dims::force, Precision \&gt;" alt="" coords="604,205,967,232">
<area shape="rect" href="$d8/d77/struct_physical_modeling_1_1_dimensioned_quantities_1_1_quantity.html" title="Quantity\&lt; DimensionedQuantities::dims::viscosity, Precision \&gt;" alt="" coords="593,155,977,181">
<area shape="rect" href="$d8/d77/struct_physical_modeling_1_1_dimensioned_quantities_1_1_quantity.html" title="Quantity\&lt; DimensionedQuantities::dims::mass, Precision \&gt;" alt="" coords="603,321,968,348">
<area shape="rect" href="$d8/d77/struct_physical_modeling_1_1_dimensioned_quantities_1_1_quantity.html" title="Quantity\&lt; DimensionedQuantities::dims::stiffness, Precision \&gt;" alt="" coords="593,256,977,283">
<area shape="rect" href="$d8/d77/struct_physical_modeling_1_1_dimensioned_quantities_1_1_quantity.html" title="Template class to define a data type with appropriate dimensions." alt="" coords="5,275,229,301">
